[2026-09-14T06:53:07.158Z] [artifact-safety] Preserved previous evidence at: .human-loop/artifacts/plan-01-09/logs/test-evidence-preservation/superseded/evidence-to-preserve-2026-09-14T06-53-07-156Z.txt
[2026-09-14T06:53:43.460Z] [artifact-safety] Preserved previous evidence at: .human-loop/artifacts/plan-01-09/logs/test-evidence-preservation/superseded/evidence-to-preserve-2026-09-14T06-53-43-457Z.txt
[2026-09-14T06:55:24.078Z] [artifact-safety] Preserved previous evidence at: .human-loop/artifacts/plan-01-09/logs/test-evidence-preservation/superseded/evidence-to-preserve-2026-09-14T06-55-24-076Z.txt
[2026-09-14T06:56:49.160Z] [artifact-safety] Preserved previous evidence at: .human-loop/artifacts/plan-01-09/logs/test-evidence-preservation/superseded/evidence-to-preserve-2026-09-14T06-56-49-158Z.txt
[2026-09-14T08:36:34.481Z] [artifact-safety] Preserved previous evidence at: .human-loop/artifacts/plan-01-09/logs/test-verification-script/superseded/test-write-2026-09-14T08-36-34-477Z.txt
[2026-09-14T08:36:34.483Z] [artifact-safety] Preserved previous evidence at: .human-loop/artifacts/plan-01-09/logs/test-verification-script/superseded/dest-2026-09-14T08-36-34-483Z.txt
[2026-09-14T08:38:05.203Z] [artifact-safety] Preserved previous evidence at: .human-loop/artifacts/plan-01-09/logs/test-evidence-preservation/superseded/evidence-to-preserve-2026-09-14T08-38-05-202Z.txt
[2026-09-14T08:45:46.620Z] [artifact-safety] Preserved previous evidence at: .human-loop/artifacts/plan-01-09/logs/test-evidence-preservation/superseded/evidence-to-preserve-2026-09-14T08-45-46-617Z.txt
[2026-09-14T08:48:39.727Z] [artifact-safety] Preserved previous evidence at: .human-loop/artifacts/plan-01-09/screenshots/superseded/H02-screenshot-03-owner-registered-2026-09-13T15-05-46-355Z.png
[2026-09-14T08:48:42.297Z] [artifact-safety] Preserved previous evidence at: .human-loop/artifacts/plan-01-09/screenshots/superseded/H02-screenshot-04-second-user-rejected-2026-09-13T15-05-48-730Z.png
[2026-09-14T08:48:44.069Z] [artifact-safety] Preserved previous evidence at: .human-loop/artifacts/plan-01-09/recordings/superseded/H02-recording-2026-09-13T15-05-50-662Z.webm
[2026-09-14T08:48:46.226Z] [artifact-safety] Preserved previous evidence at: .human-loop/artifacts/plan-01-09/screenshots/superseded/H01-screenshot-02-empty-validation-2026-09-13T15-05-52-754Z.png
[2026-09-14T08:48:47.211Z] [artifact-safety] Preserved previous evidence at: .human-loop/artifacts/plan-01-09/screenshots/superseded/H01-screenshot-04-dashboard-redirect-2026-09-13T15-05-54-080Z.png
[2026-09-14T08:48:47.507Z] [artifact-safety] Preserved previous evidence at: .human-loop/artifacts/plan-01-09/screenshots/superseded/H01-screenshot-05-logout-redirect-2026-09-13T15-05-54-418Z.png
[2026-09-14T08:48:57.961Z] [artifact-safety] Preserved previous evidence at: .human-loop/artifacts/plan-01-09/recordings/superseded/H01-recording-2026-09-13T15-06-06-597Z.webm
[2026-09-14T08:49:09.399Z] [artifact-safety] Preserved previous evidence at: .human-loop/artifacts/plan-01-09/recordings/superseded/H03-recording-2026-09-13T15-06-18-701Z.webm
[2026-09-14T08:49:10.723Z] [artifact-safety] Preserved previous evidence at: .human-loop/artifacts/plan-01-09/screenshots/superseded/H04-screenshot-01-projects-list-2026-09-13T15-06-20-081Z.png
[2026-09-14T08:49:11.477Z] [artifact-safety] Preserved previous evidence at: .human-loop/artifacts/plan-01-09/screenshots/superseded/H04-screenshot-02-project-created-2026-09-13T15-06-20-844Z.png
[2026-09-14T08:49:12.215Z] [artifact-safety] Preserved previous evidence at: .human-loop/artifacts/plan-01-09/screenshots/superseded/H04-screenshot-03-tab-filtering-active-2026-09-13T15-06-21-610Z.png
[2026-09-14T08:49:14.592Z] [artifact-safety] Preserved previous evidence at: .human-loop/artifacts/plan-01-09/screenshots/superseded/H04-screenshot-04-project-edited-2026-09-13T15-06-23-994Z.png
[2026-09-14T08:49:14.867Z] [artifact-safety] Preserved previous evidence at: .human-loop/artifacts/plan-01-09/screenshots/superseded/H04-screenshot-05-delete-warning-modal-2026-09-13T15-06-24-259Z.png
[2026-09-14T08:49:18.338Z] [artifact-safety] Preserved previous evidence at: .human-loop/artifacts/plan-01-09/recordings/superseded/H04-recording-2026-09-13T15-06-27-629Z.webm
[2026-09-14T08:49:20.390Z] [artifact-safety] Preserved previous evidence at: .human-loop/artifacts/plan-01-09/screenshots/superseded/H05-screenshot-01-root-task-created-2026-09-13T15-06-29-664Z.png
[2026-09-14T08:49:20.830Z] [artifact-safety] Preserved previous evidence at: .human-loop/artifacts/plan-01-09/screenshots/superseded/H05-screenshot-02-nested-subtask-level1-2026-09-13T15-06-30-180Z.png
[2026-09-14T08:49:21.275Z] [artifact-safety] Preserved previous evidence at: .human-loop/artifacts/plan-01-09/screenshots/superseded/H05-screenshot-03-deep-nesting-level4-2026-09-13T15-06-30-658Z.png
[2026-09-14T08:49:22.942Z] [artifact-safety] Preserved previous evidence at: .human-loop/artifacts/plan-01-09/screenshots/superseded/H05-screenshot-04-long-title-wrapping-2026-09-13T15-06-32-413Z.png
[2026-09-14T08:49:24.353Z] [artifact-safety] Preserved previous evidence at: .human-loop/artifacts/plan-01-09/screenshots/superseded/H05-screenshot-05-inline-completion-2026-09-13T15-06-33-784Z.png
[2026-09-14T08:49:24.639Z] [artifact-safety] Preserved previous evidence at: .human-loop/artifacts/plan-01-09/screenshots/superseded/H05-screenshot-06-cascade-delete-warning-2026-09-13T15-06-34-079Z.png
[2026-09-14T08:49:29.461Z] [artifact-safety] Preserved previous evidence at: .human-loop/artifacts/plan-01-09/recordings/superseded/H05-recording-2026-09-13T15-06-38-871Z.webm
[2026-09-14T08:49:40.379Z] [artifact-safety] Preserved previous evidence at: .human-loop/artifacts/plan-01-09/screenshots/superseded/H06-screenshot-06-mobile-task-hierarchy-2026-09-13T15-06-49-684Z.png
[2026-09-14T08:49:41.191Z] [artifact-safety] Preserved previous evidence at: .human-loop/artifacts/plan-01-09/screenshots/superseded/H06-screenshot-07-mobile-command-palette-2026-09-13T15-06-50-453Z.png
[2026-09-14T08:49:50.328Z] [artifact-safety] Preserved previous evidence at: .human-loop/artifacts/plan-01-09/recordings/superseded/H06-recording-2026-09-13T15-07-03-545Z.webm
[2026-09-14T08:49:52.792Z] [artifact-safety] Preserved previous evidence at: .human-loop/artifacts/plan-01-09/screenshots/superseded/H07-screenshot-02-light-mode-toggled-2026-09-13T15-07-06-089Z.png
[2026-09-14T08:49:58.908Z] [artifact-safety] Preserved previous evidence at: .human-loop/artifacts/plan-01-09/recordings/superseded/H07-recording-2026-09-13T15-07-12-586Z.webm
[2026-09-14T08:50:02.136Z] [artifact-safety] Preserved previous evidence at: .human-loop/artifacts/plan-01-09/screenshots/superseded/H08-screenshot-03-quick-action-task-modal-2026-09-13T15-07-15-838Z.png
[2026-09-14T08:50:03.599Z] [artifact-safety] Preserved previous evidence at: .human-loop/artifacts/plan-01-09/screenshots/superseded/H08-screenshot-04-arrow-navigation-highlight-2026-09-13T15-07-17-281Z.png
[2026-09-14T08:50:05.943Z] [artifact-safety] Preserved previous evidence at: .human-loop/artifacts/plan-01-09/recordings/superseded/H08-recording-2026-09-13T15-07-19-852Z.webm
[2026-09-14T08:50:11.126Z] [artifact-safety] Preserved previous evidence at: .human-loop/artifacts/plan-01-09/screenshots/superseded/H09-screenshot-01-rapid-submit-debounce-2026-09-13T15-07-24-955Z.png
[2026-09-14T08:50:14.390Z] [artifact-safety] Preserved previous evidence at: .human-loop/artifacts/plan-01-09/screenshots/superseded/H09-screenshot-02-extreme-unicode-xss-escaped-2026-09-13T15-07-28-211Z.png
[2026-09-14T08:50:14.493Z] [artifact-safety] Preserved previous evidence at: .human-loop/artifacts/plan-01-09/screenshots/superseded/H09-screenshot-03-empty-state-handling-2026-09-13T15-07-28-291Z.png
[2026-09-14T08:50:17.725Z] [artifact-safety] Preserved previous evidence at: .human-loop/artifacts/plan-01-09/recordings/superseded/H09-recording-2026-09-13T15-07-32-262Z.webm
[2026-09-14T08:50:25.594Z] [artifact-safety] Preserved previous evidence at: .human-loop/artifacts/plan-01-09/recordings/superseded/H10-recording-2026-09-13T15-07-41-002Z.webm
[2026-09-14T08:50:28.393Z] [artifact-safety] Preserved previous evidence at: .human-loop/artifacts/plan-01-09/screenshots/superseded/H11-screenshot-02-projects-visual-harmony-2026-09-13T15-07-43-727Z.png
[2026-09-14T08:50:29.835Z] [artifact-safety] Preserved previous evidence at: .human-loop/artifacts/plan-01-09/screenshots/superseded/H11-screenshot-03-tasks-proportional-tree-2026-09-13T15-07-45-079Z.png
[2026-09-14T08:50:29.942Z] [artifact-safety] Preserved previous evidence at: .human-loop/artifacts/plan-01-09/screenshots/superseded/H11-screenshot-04-clean-console-zero-errors-2026-09-13T15-07-45-209Z.png
[2026-09-14T08:50:31.133Z] [artifact-safety] Preserved previous evidence at: .human-loop/artifacts/plan-01-09/recordings/superseded/H11-recording-2026-09-13T15-07-47-225Z.webm
[2026-09-14T08:50:33.113Z] [artifact-safety] Preserved previous evidence at: .human-loop/artifacts/plan-01-09/screenshots/superseded/H12-screenshot-01-health-endpoint-200-2026-09-13T15-07-49-121Z.png
[2026-09-14T08:50:33.188Z] [artifact-safety] Preserved previous evidence at: .human-loop/artifacts/plan-01-09/screenshots/superseded/H12-screenshot-02-health-unauthenticated-2026-09-13T15-07-49-224Z.png
[2026-09-14T08:50:33.563Z] [artifact-safety] Preserved previous evidence at: .human-loop/artifacts/plan-01-09/recordings/superseded/H12-recording-2026-09-13T15-07-49-850Z.webm
[2026-09-14T08:50:33.612Z] [artifact-safety] Preserved previous evidence at: .human-loop/artifacts/plan-01-09/reports/superseded/verification-results-2026-09-13T15-07-49-889Z.json
[2026-09-14T08:50:33.613Z] 
==================================================
[2026-09-14T08:50:33.613Z] VERIFICATION SUMMARY: 12/12 Checks Executed Successfully
[2026-09-14T08:50:33.613Z] Release-Blocking Checks: ALL PASSED
[2026-09-14T08:50:33.613Z] Human Approval Status: 12 PENDING HUMAN AUDIT
[2026-09-14T08:50:33.613Z] Artifacts Directory: .human-loop/artifacts/plan-01-09
[2026-09-14T08:50:33.613Z] Documentation Directory: docs/qa/phase-01/plan-09
[2026-09-14T08:50:33.613Z] ==================================================

[2026-09-14T08:54:14.651Z] [artifact-safety] Preserved previous evidence at: .human-loop/artifacts/plan-01-09/logs/test-evidence-preservation/superseded/evidence-to-preserve-2026-09-14T08-54-14-648Z.txt
[2026-09-14T08:56:45.033Z] [artifact-safety] Preserved previous evidence at: .human-loop/artifacts/plan-01-09/logs/test-evidence-preservation/superseded/evidence-to-preserve-2026-09-14T08-56-45-030Z.txt
[2026-09-14T10:28:55.661Z] [artifact-safety] Preserved previous evidence at: .human-loop/artifacts/plan-01-09/logs/test-evidence-preservation/superseded/evidence-to-preserve-2026-09-14T10-28-55-657Z.txt
[2026-09-14T10:29:14.656Z] [artifact-safety] Preserved previous evidence at: .human-loop/artifacts/plan-01-09/logs/test-evidence-preservation/superseded/evidence-to-preserve-2026-09-14T10-29-14-652Z.txt
[2026-09-14T10:32:36.019Z] [artifact-safety] Preserved previous evidence at: .human-loop/artifacts/plan-01-09/logs/test-evidence-preservation/superseded/evidence-to-preserve-2026-09-14T10-32-36-017Z.txt
[2026-09-14T10:33:11.324Z] [artifact-safety] Preserved previous evidence at: .human-loop/artifacts/plan-01-09/logs/test-evidence-preservation/superseded/evidence-to-preserve-2026-09-14T10-33-11-320Z.txt
[2026-09-14T10:34:46.340Z] [artifact-safety] Preserved previous evidence at: .human-loop/artifacts/plan-01-09/logs/test-evidence-preservation/superseded/evidence-to-preserve-2026-09-14T10-34-46-338Z.txt
[2026-09-14T12:27:09.196Z] [artifact-safety] Preserved previous evidence at: .human-loop/artifacts/plan-01-09/logs/test-evidence-preservation/superseded/evidence-to-preserve-2026-09-14T12-27-09-190Z.txt
[2026-09-14T13:08:50.657Z] [artifact-safety] Preserved previous evidence at: .human-loop/artifacts/plan-01-09/logs/test-evidence-preservation/superseded/evidence-to-preserve-2026-09-14T13-08-50-652Z.txt
[2026-09-14T14:23:39.338Z] [artifact-safety] Preserved previous evidence at: .human-loop/artifacts/plan-01-09/logs/test-evidence-preservation/superseded/evidence-to-preserve-2026-09-14T14-23-39-334Z.txt
[2026-09-14T14:30:31.878Z] [artifact-safety] Preserved previous evidence at: .human-loop/artifacts/plan-01-09/logs/test-evidence-preservation/superseded/evidence-to-preserve-2026-09-14T14-30-31-874Z.txt
[2026-09-14T14:32:15.045Z] [artifact-safety] Preserved previous evidence at: .human-loop/artifacts/plan-01-09/logs/test-evidence-preservation/superseded/evidence-to-preserve-2026-09-14T14-32-15-040Z.txt
[2026-09-14T14:36:47.234Z] [artifact-safety] Preserved previous evidence at: .human-loop/artifacts/plan-01-09/logs/test-evidence-preservation/superseded/evidence-to-preserve-2026-09-14T14-36-47-230Z.txt
[2026-09-14T14:43:47.432Z] [artifact-safety] Preserved previous evidence at: .human-loop/artifacts/plan-01-09/logs/test-evidence-preservation/superseded/evidence-to-preserve-2026-09-14T14-43-47-428Z.txt
[2026-09-14T14:52:35.915Z] [artifact-safety] Preserved previous evidence at: .human-loop/artifacts/plan-01-09/logs/test-evidence-preservation/superseded/evidence-to-preserve-2026-09-14T14-52-35-913Z.txt
[2026-09-14T20:18:00.222Z] [artifact-safety] Preserved previous evidence at: .human-loop/artifacts/plan-01-09/logs/test-evidence-preservation/superseded/evidence-to-preserve-2026-09-14T20-18-00-220Z.txt
[2026-09-15T06:08:30.236Z] [artifact-safety] Preserved previous evidence at: .human-loop/artifacts/plan-01-09/logs/test-evidence-preservation/superseded/evidence-to-preserve-2026-09-15T06-08-30-232Z.txt
[2026-09-15T06:34:11.598Z] [artifact-safety] Preserved previous evidence at: .human-loop/artifacts/plan-01-09/logs/test-evidence-preservation/superseded/evidence-to-preserve-2026-09-15T06-34-11-594Z.txt
[2026-09-15T06:35:14.858Z] [artifact-safety] Preserved previous evidence at: .human-loop/artifacts/plan-01-09/logs/test-evidence-preservation/superseded/evidence-to-preserve-2026-09-15T06-35-14-853Z.txt
[2026-09-15T06:54:55.526Z] [artifact-safety] Preserved previous evidence at: .human-loop/artifacts/plan-01-09/logs/test-evidence-preservation/superseded/evidence-to-preserve-2026-09-15T06-54-55-513Z.txt
[2026-09-15T08:34:10.716Z] [artifact-safety] Preserved previous evidence at: .human-loop/artifacts/plan-01-09/logs/test-evidence-preservation/superseded/evidence-to-preserve-2026-09-15T08-34-10-714Z.txt
[2026-09-15T10:32:32.237Z] [artifact-safety] Preserved previous evidence at: .human-loop/artifacts/plan-01-09/logs/test-evidence-preservation/superseded/evidence-to-preserve-2026-09-15T10-32-32-234Z.txt
[2026-09-15T10:43:33.277Z] [artifact-safety] Preserved previous evidence at: .human-loop/artifacts/plan-01-09/logs/test-evidence-preservation/superseded/evidence-to-preserve-2026-09-15T10-43-33-273Z.txt
[2026-09-15T10:45:25.513Z] [artifact-safety] Preserved previous evidence at: .human-loop/artifacts/plan-01-09/logs/test-evidence-preservation/superseded/evidence-to-preserve-2026-09-15T10-45-25-511Z.txt
[2026-09-15T10:58:01.379Z] [artifact-safety] Preserved previous evidence at: .human-loop/artifacts/plan-01-09/logs/test-evidence-preservation/superseded/evidence-to-preserve-2026-09-15T10-58-01-377Z.txt
[2026-09-15T11:47:23.314Z] [artifact-safety] Preserved previous evidence at: .human-loop/artifacts/plan-01-09/logs/test-evidence-preservation/superseded/evidence-to-preserve-2026-09-15T11-47-23-310Z.txt
[2026-09-15T12:01:12.328Z] [artifact-safety] Preserved previous evidence at: .human-loop/artifacts/plan-01-09/logs/test-evidence-preservation/superseded/evidence-to-preserve-2026-09-15T12-01-12-324Z.txt
[2026-09-15T18:05:58.034Z] [artifact-safety] Preserved previous evidence at: .human-loop/artifacts/plan-01-09/logs/test-evidence-preservation/superseded/evidence-to-preserve-2026-09-15T18-05-58-031Z.txt
[2026-09-15T19:53:32.383Z] [artifact-safety] Preserved previous evidence at: .human-loop/artifacts/plan-01-09/logs/test-evidence-preservation/superseded/evidence-to-preserve-2026-09-15T19-53-32-381Z.txt
[2026-09-15T20:12:18.291Z] [artifact-safety] Preserved previous evidence at: .human-loop/artifacts/plan-01-09/logs/test-evidence-preservation/superseded/evidence-to-preserve-2026-09-15T20-12-18-287Z.txt
[2026-09-15T21:15:49.258Z] [artifact-safety] Preserved previous evidence at: .human-loop/artifacts/plan-01-09/logs/test-evidence-preservation/superseded/evidence-to-preserve-2026-09-15T21-15-49-256Z.txt
[2026-09-15T21:37:02.125Z] [artifact-safety] Preserved previous evidence at: .human-loop/artifacts/plan-01-09/logs/test-evidence-preservation/superseded/evidence-to-preserve-2026-09-15T21-37-02-122Z.txt
[2026-09-15T21:38:15.391Z] [artifact-safety] Preserved previous evidence at: .human-loop/artifacts/plan-01-09/logs/test-evidence-preservation/superseded/evidence-to-preserve-2026-09-15T21-38-15-384Z.txt
[2026-09-16T07:43:15.617Z] [artifact-safety] Preserved previous evidence at: .human-loop/artifacts/plan-01-09/logs/test-evidence-preservation/superseded/evidence-to-preserve-2026-09-16T07-43-15-613Z.txt
[2026-09-16T08:06:44.466Z] [artifact-safety] Preserved previous evidence at: .human-loop/artifacts/plan-01-09/logs/test-evidence-preservation/superseded/evidence-to-preserve-2026-09-16T08-06-44-463Z.txt
[2026-09-16T08:08:59.247Z] [artifact-safety] Preserved previous evidence at: .human-loop/artifacts/plan-01-09/logs/test-evidence-preservation/superseded/evidence-to-preserve-2026-09-16T08-08-59-245Z.txt
[2026-09-16T08:09:43.885Z] [artifact-safety] Preserved previous evidence at: .human-loop/artifacts/plan-01-09/logs/test-evidence-preservation/superseded/evidence-to-preserve-2026-09-16T08-09-43-883Z.txt
[2026-09-16T20:58:13.445Z] [artifact-safety] Preserved previous evidence at: .human-loop/artifacts/plan-01-09/logs/test-evidence-preservation/superseded/evidence-to-preserve-2026-09-16T20-58-13-441Z.txt
[2026-09-16T21:09:48.815Z] [artifact-safety] Preserved previous evidence at: .human-loop/artifacts/plan-01-09/logs/test-evidence-preservation/superseded/evidence-to-preserve-2026-09-16T21-09-48-813Z.txt
[2026-09-19T18:54:12.967Z] [artifact-safety] Preserved previous evidence at: .human-loop/artifacts/plan-01-09/logs/test-evidence-preservation/superseded/evidence-to-preserve-2026-09-19T18-54-12-961Z.txt
